2025-06-17 11:37:03 - INFO - File saved successfully: /Users/xiu/Documents/FullStack/fastapi/backend/upload/candidate/20250617163703-Xiu_CL_AI_May25_AIDeveloper.docx - (service.py:38)
2025-06-17 11:38:14 - INFO - File saved successfully: /Users/xiu/Documents/FullStack/fastapi/backend/upload/candidate/20250617163814-20250617163703-Xiu_CL_AI_May25_AIDeveloper.docx - (service.py:38)
2025-06-17 11:38:14 - INFO - File saved successfully: /Users/xiu/Documents/FullStack/fastapi/backend/upload/candidate/20250617163814-Xiu_CL_AI_May25_CL.docx - (service.py:38)
2025-06-17 11:38:14 - INFO - File saved successfully: /Users/xiu/Documents/FullStack/fastapi/backend/upload/candidate/20250617163814-Xiu_CL_AI_May25_CL.pdf - (service.py:38)
2025-06-17 11:47:10 - INFO - File saved successfully: /Users/xiu/Documents/FullStack/fastapi/backend/upload/candidate/20250617164710-Xiu_CL_AI_May25_AIDeveloper.docx - (service.py:38)
2025-06-17 11:52:05 - INFO - File saved successfully: /Users/xiu/Documents/FullStack/fastapi/backend/upload/candidate/20250617165205-Xiu_CL_AI_May25_DA.docx - (service.py:38)
2025-06-17 11:53:15 - INFO - File saved successfully: /Users/xiu/Documents/FullStack/fastapi/backend/upload/candidate/20250617165315-Xiu_CL_AI_May25_DS.docx - (service.py:38)
2025-06-17 11:53:15 - INFO - Start analyse candidate - (service.py:78)
2025-06-17 11:53:18 - INFO - File saved successfully: /Users/xiu/Documents/FullStack/fastapi/backend/upload/candidate/20250617165318-Xiu_CL_AI_May25_DS.docx - (service.py:38)
2025-06-17 11:53:18 - INFO - Start analyse candidate - (service.py:78)
2025-06-17 12:03:35 - INFO - File saved successfully: /Users/xiu/Documents/FullStack/fastapi/backend/upload/candidate/20250617170335-Xiu_CL_AI_May25_DS.docx - (service.py:38)
2025-06-17 12:03:35 - INFO - Start analyse candidate - (service.py:78)
2025-06-17 12:14:02 - INFO - File saved successfully: /Users/xiu/Documents/FullStack/fastapi/backend/upload/candidate/20250617171402-Xiu_CL_AI_May25_ETL.docx - (service.py:38)
2025-06-17 12:14:02 - INFO - Start analyse candidate - (service.py:78)
2025-06-17 12:14:06 - INFO - Done analyse candidate - (service.py:97)
2025-06-17 12:14:06 - INFO - Time analyse candidate: 3.27669620513916 - (service.py:98)
2025-06-17 12:18:12 - INFO - File saved successfully: /Users/xiu/Documents/FullStack/fastapi/backend/upload/candidate/20250617171812-Xiu_CL_AI_May25_C.docx - (service.py:38)
2025-06-17 12:18:12 - INFO - Start analyse candidate - (service.py:78)
2025-06-17 12:19:25 - INFO - File saved successfully: /Users/xiu/Documents/FullStack/fastapi/backend/upload/candidate/20250617171925-Xiu_CL_AI_May25_DA.docx - (service.py:38)
2025-06-17 12:19:25 - INFO - Start analyse candidate - (service.py:78)
2025-06-17 12:20:14 - INFO - File saved successfully: /Users/xiu/Documents/FullStack/fastapi/backend/upload/candidate/20250617172014-Xiu_CL_AI_May25_ETL.docx - (service.py:38)
2025-06-17 12:20:14 - INFO - Start analyse candidate - (service.py:78)
2025-06-17 12:20:16 - INFO - Done analyse candidate - (service.py:97)
2025-06-17 12:20:16 - INFO - Time analyse candidate: 1.9529728889465332 - (service.py:98)
2025-06-17 12:21:26 - INFO - File saved successfully: /Users/xiu/Documents/FullStack/fastapi/backend/upload/candidate/20250617172126-Xiu_CL_AI_May25_genAI.docx - (service.py:38)
2025-06-17 12:21:26 - INFO - Start analyse candidate - (service.py:78)
2025-06-17 12:21:27 - INFO - Done analyse candidate - (service.py:97)
2025-06-17 12:21:27 - INFO - Time analyse candidate: 1.7242629528045654 - (service.py:98)
2025-06-19 13:31:10 - INFO - File saved successfully: /Users/xiu/Documents/FullStack/fastapi/backend/upload/candidate/20250619183110-Xiu_CL_AI_May25_C.docx - (service.py:38)
2025-06-19 13:31:10 - INFO - Start analyse candidate - (service.py:78)
2025-06-19 13:55:34 - INFO - File saved successfully: /Users/xiu/Documents/FullStack/fastapi/backend/upload/candidate/20250619185534-Xiu_CL_AI_May25_AIDeveloper.docx - (service.py:38)
2025-06-19 13:55:34 - INFO - Start analyse candidate - (service.py:78)
2025-06-19 13:57:07 - INFO - File saved successfully: /Users/xiu/Documents/FullStack/fastapi/backend/upload/candidate/20250619185707-Xiu_CL_AI_May25_DA.docx - (service.py:38)
2025-06-19 13:57:07 - INFO - Start analyse candidate - (service.py:78)
2025-06-19 13:57:42 - INFO - File saved successfully: /Users/xiu/Documents/FullStack/fastapi/backend/upload/candidate/20250619185742-Xiu_CL_AI_May25_DA.docx - (service.py:38)
2025-06-19 13:57:42 - INFO - Start analyse candidate - (service.py:78)
2025-06-19 13:59:02 - INFO - File saved successfully: /Users/xiu/Documents/FullStack/fastapi/backend/upload/candidate/20250619185902-Xiu_CL_AI_May25.docx - (service.py:38)
2025-06-19 13:59:02 - INFO - Start analyse candidate - (service.py:78)
2025-06-19 13:59:04 - INFO - Done analyse candidate - (service.py:97)
2025-06-19 13:59:04 - INFO - Time analyse candidate: 1.7776319980621338 - (service.py:98)
2025-06-19 14:01:07 - INFO - File saved successfully: /Users/xiu/Documents/FullStack/fastapi/backend/upload/candidate/20250619190107-Xiu_CL_AI_May25_ETL.docx - (service.py:38)
2025-06-19 14:01:07 - INFO - Start analyse candidate - (service.py:78)
2025-06-19 14:01:10 - INFO - Done analyse candidate - (service.py:97)
2025-06-19 14:01:10 - INFO - Time analyse candidate: 2.9907820224761963 - (service.py:98)
2025-06-20 13:47:27 - INFO - File saved successfully: /Users/xiu/Documents/FullStack/fastapi/backend/upload/candidate/20250620184727-Xiu_CL_AI_May25_AIDeveloper.docx - (service.py:38)
2025-06-20 13:47:27 - INFO - Start analyse candidate - (service.py:78)
2025-06-20 13:47:28 - INFO - Done analyse candidate - (service.py:97)
2025-06-20 13:47:28 - INFO - Time analyse candidate: 1.4141581058502197 - (service.py:98)
2025-06-20 13:49:51 - INFO - File saved successfully: /Users/xiu/Documents/FullStack/fastapi/backend/upload/candidate/20250620184951-Xiu_CL_AI_May25_C.docx - (service.py:38)
2025-06-20 13:49:51 - INFO - Start analyse candidate - (service.py:78)
2025-06-20 13:49:52 - INFO - Done analyse candidate - (service.py:97)
2025-06-20 13:49:52 - INFO - Time analyse candidate: 1.6499390602111816 - (service.py:98)
2025-06-20 13:52:05 - INFO - File saved successfully: /Users/xiu/Documents/FullStack/fastapi/backend/upload/candidate/20250620185205-Xiu_CL_AI_May25_C.docx - (service.py:38)
2025-06-20 13:52:05 - INFO - Start analyse candidate - (service.py:78)
2025-06-20 13:52:07 - INFO - Done analyse candidate - (service.py:97)
2025-06-20 13:52:07 - INFO - Time analyse candidate: 1.7562601566314697 - (service.py:98)
2025-06-20 13:52:07 - INFO - File saved successfully: /Users/xiu/Documents/FullStack/fastapi/backend/upload/candidate/20250620185207-Xiu_CL_AI_May25_C.docx - (service.py:38)
2025-06-20 13:52:07 - INFO - Start analyse candidate - (service.py:78)
2025-06-20 13:52:08 - INFO - Done analyse candidate - (service.py:97)
2025-06-20 13:52:08 - INFO - Time analyse candidate: 1.4031639099121094 - (service.py:98)
2025-06-20 13:52:08 - INFO - File saved successfully: /Users/xiu/Documents/FullStack/fastapi/backend/upload/candidate/20250620185208-Xiu_CL_AI_May25_C.docx - (service.py:38)
2025-06-20 13:52:08 - INFO - Start analyse candidate - (service.py:78)
2025-06-20 13:52:10 - INFO - Done analyse candidate - (service.py:97)
2025-06-20 13:52:10 - INFO - Time analyse candidate: 1.6271331310272217 - (service.py:98)
2025-06-20 13:54:23 - INFO - File saved successfully: /Users/xiu/Documents/FullStack/fastapi/backend/upload/candidate/20250620185423-Xiu_CL_AI_May25_AIDeveloper.docx - (service.py:38)
2025-06-20 13:54:23 - INFO - Start analyse candidate - (service.py:78)
2025-06-20 13:54:24 - INFO - Done analyse candidate - (service.py:97)
2025-06-20 13:54:24 - INFO - Time analyse candidate: 1.4898402690887451 - (service.py:98)
2025-06-20 13:55:13 - INFO - File saved successfully: /Users/xiu/Documents/FullStack/fastapi/backend/upload/candidate/20250620185513-Xiu_CL_AI_May25_AIDeveloper.docx - (service.py:38)
2025-06-20 13:55:13 - INFO - Start analyse candidate - (service.py:78)
2025-06-20 13:55:15 - INFO - Done analyse candidate - (service.py:97)
2025-06-20 13:55:15 - INFO - Time analyse candidate: 1.4300055503845215 - (service.py:98)
2025-06-20 13:55:27 - INFO - File saved successfully: /Users/xiu/Documents/FullStack/fastapi/backend/upload/candidate/20250620185527-Xiu_CL_AI_May25_AIDeveloper.docx - (service.py:38)
2025-06-20 13:55:27 - INFO - Start analyse candidate - (service.py:78)
2025-06-20 13:55:28 - INFO - Done analyse candidate - (service.py:97)
2025-06-20 13:55:28 - INFO - Time analyse candidate: 1.8661508560180664 - (service.py:98)
2025-06-20 14:00:04 - INFO - File saved successfully: /Users/xiu/Documents/FullStack/fastapi/backend/upload/candidate/20250620190004-Xiu_CL_AI_May25_AIDeveloper.docx - (service.py:38)
2025-06-20 14:00:04 - INFO - Start analyse candidate - (service.py:78)
2025-06-20 14:00:06 - INFO - Done analyse candidate - (service.py:97)
2025-06-20 14:00:06 - INFO - Time analyse candidate: 1.7907938957214355 - (service.py:98)
2025-06-20 14:01:12 - INFO - File saved successfully: /Users/xiu/Documents/FullStack/fastapi/backend/upload/candidate/20250620190112-Xiu_CL_AI_May25_AIDeveloper.docx - (service.py:38)
2025-06-20 14:01:12 - INFO - Start analyse candidate - (service.py:78)
2025-06-20 14:01:13 - INFO - Done analyse candidate - (service.py:97)
2025-06-20 14:01:13 - INFO - Time analyse candidate: 1.4386110305786133 - (service.py:98)
2025-06-20 14:05:13 - INFO - File saved successfully: /Users/xiu/Documents/FullStack/fastapi/backend/upload/candidate/20250620190513-Xiu_CL_AI_May25_C.docx - (service.py:38)
2025-06-20 14:05:13 - INFO - Start analyse candidate - (service.py:78)
2025-06-20 14:05:15 - INFO - Done analyse candidate - (service.py:97)
2025-06-20 14:05:15 - INFO - Time analyse candidate: 1.5239918231964111 - (service.py:98)
2025-06-20 14:24:33 - INFO - File saved successfully: /Users/xiu/Documents/FullStack/fastapi/backend/upload/candidate/20250620192433-Xiu_CL_AI_May25_C.docx - (service.py:38)
2025-06-20 14:24:33 - INFO - Start analyse candidate - (service.py:78)
2025-06-20 14:24:35 - INFO - Done analyse candidate - (service.py:97)
2025-06-20 14:24:35 - INFO - Time analyse candidate: 1.6126930713653564 - (service.py:98)
2025-06-20 14:28:45 - INFO - File saved successfully: /Users/xiu/Documents/FullStack/fastapi/backend/upload/candidate/20250620192845-Xiu_CL_AI_May25_C.docx - (service.py:38)
2025-06-20 14:28:45 - INFO - Start analyse candidate - (service.py:78)
2025-06-20 14:28:47 - INFO - Done analyse candidate - (service.py:97)
2025-06-20 14:28:47 - INFO - Time analyse candidate: 1.9781749248504639 - (service.py:98)
2025-06-20 14:55:23 - INFO - File saved successfully: /Users/xiu/Documents/FullStack/fastapi/backend/upload/candidate/20250620195523-Xiu_CL_AI_May25_C.docx - (service.py:38)
2025-06-20 14:55:23 - INFO - Start analyse candidate - (service.py:78)
2025-06-20 14:55:26 - INFO - Done analyse candidate - (service.py:97)
2025-06-20 14:55:26 - INFO - Time analyse candidate: 2.9873762130737305 - (service.py:98)
2025-06-20 14:55:26 - INFO - File saved successfully: /Users/xiu/Documents/FullStack/fastapi/backend/upload/candidate/20250620195526-Xiu_CL_AI_May25_C.docx - (service.py:38)
2025-06-20 14:55:26 - INFO - Start analyse candidate - (service.py:78)
2025-06-20 14:55:28 - INFO - Done analyse candidate - (service.py:97)
2025-06-20 14:55:28 - INFO - Time analyse candidate: 1.570430040359497 - (service.py:98)
2025-06-20 15:05:19 - INFO - File saved successfully: /Users/xiu/Documents/FullStack/fastapi/backend/upload/candidate/20250620200519-Xiu_CL_AI_May25_C.docx - (service.py:38)
2025-06-20 15:05:19 - INFO - Start analyse candidate - (service.py:78)
2025-06-20 15:05:22 - INFO - Done analyse candidate - (service.py:97)
2025-06-20 15:05:22 - INFO - Time analyse candidate: 3.0876669883728027 - (service.py:98)
2025-06-20 15:07:17 - INFO - File saved successfully: /Users/xiu/Documents/FullStack/fastapi/backend/upload/candidate/20250620200717-Xiu_CL_AI_May25_AIDeveloper.docx - (service.py:38)
2025-06-20 15:07:17 - INFO - Start analyse candidate - (service.py:78)
2025-06-20 15:07:19 - INFO - Done analyse candidate - (service.py:97)
2025-06-20 15:07:19 - INFO - Time analyse candidate: 1.4699721336364746 - (service.py:98)
2025-06-20 15:07:52 - INFO - File saved successfully: /Users/xiu/Documents/FullStack/fastapi/backend/upload/candidate/20250620200752-Xiu_CL_AI_May25_DS.docx - (service.py:38)
2025-06-20 15:07:52 - INFO - Start analyse candidate - (service.py:78)
2025-06-20 15:07:54 - INFO - Done analyse candidate - (service.py:97)
2025-06-20 15:07:54 - INFO - Time analyse candidate: 1.9815900325775146 - (service.py:98)
2025-06-22 05:49:47 - INFO - File saved successfully: /Users/xiu/Documents/FullStack/fastapi/backend/upload/candidate/20250622104947-Xiu_CL_AI_May25_AIDeveloper.docx - (service.py:38)
2025-06-22 05:49:47 - INFO - Start analyse candidate - (service.py:78)
2025-06-22 05:49:49 - INFO - Done analyse candidate - (service.py:97)
2025-06-22 05:49:49 - INFO - Time analyse candidate: 1.9823238849639893 - (service.py:98)
2025-06-22 06:08:44 - INFO - File saved successfully: /Users/xiu/Documents/FullStack/fastapi/backend/upload/candidate/20250622110844-Xiu_CL_AI_May25_AIDeveloper.docx - (service.py:38)
2025-06-22 06:08:44 - INFO - Start analyse candidate - (service.py:78)
2025-06-22 06:08:46 - INFO - Done analyse candidate - (service.py:97)
2025-06-22 06:08:46 - INFO - Time analyse candidate: 2.0014090538024902 - (service.py:98)
2025-06-22 06:08:46 - INFO - File saved successfully: /Users/xiu/Documents/FullStack/fastapi/backend/upload/candidate/20250622110846-Xiu_CL_AI_May25_C.docx - (service.py:38)
2025-06-22 06:08:46 - INFO - Start analyse candidate - (service.py:78)
2025-06-22 06:08:47 - INFO - Done analyse candidate - (service.py:97)
2025-06-22 06:08:47 - INFO - Time analyse candidate: 1.3691339492797852 - (service.py:98)
2025-06-22 06:12:59 - INFO - File saved successfully: /Users/xiu/Documents/FullStack/fastapi/backend/upload/candidate/20250622111259-Xiu_CL_AI_May25.docx - (service.py:38)
2025-06-22 06:12:59 - INFO - Start analyse candidate - (service.py:78)
2025-06-22 06:13:01 - INFO - Done analyse candidate - (service.py:97)
2025-06-22 06:13:01 - INFO - Time analyse candidate: 1.918041706085205 - (service.py:98)
2025-06-22 06:13:01 - INFO - File saved successfully: /Users/xiu/Documents/FullStack/fastapi/backend/upload/candidate/20250622111301-Xiu_CV_AI_June25.docx - (service.py:38)
2025-06-22 06:13:01 - INFO - Start analyse candidate - (service.py:78)
2025-06-22 06:13:03 - INFO - Done analyse candidate - (service.py:97)
2025-06-22 06:13:03 - INFO - Time analyse candidate: 2.0572969913482666 - (service.py:98)
2025-06-22 06:37:33 - INFO - File saved successfully: /Users/xiu/Documents/FullStack/fastapi/backend/upload/candidate/20250622113733-Xiu_CV_AI_June25.docx - (service.py:38)
2025-06-22 06:37:33 - INFO - Start analyse candidate - (service.py:78)
2025-06-22 06:37:35 - INFO - Done analyse candidate - (service.py:97)
2025-06-22 06:37:35 - INFO - Time analyse candidate: 2.7633039951324463 - (service.py:98)
2025-06-22 06:37:35 - INFO - File saved successfully: /Users/xiu/Documents/FullStack/fastapi/backend/upload/candidate/20250622113735-Xiu_CV_AI_May25.docx - (service.py:38)
2025-06-22 06:37:35 - INFO - Start analyse candidate - (service.py:78)
2025-06-22 06:37:38 - INFO - Done analyse candidate - (service.py:97)
2025-06-22 06:37:38 - INFO - Time analyse candidate: 2.2182672023773193 - (service.py:98)
